// Jest Snapshot v1, https://goo.gl/fbAQLP

exports[`Skills component render Skills as expected 1`] = `
<div
  className="sc-bwzfXH bejfXd"
  width="full"
>
  <p
    className="sc-bdVaJa kAfGma"
    color="#EEE5E9"
    size="large"
  >
    Skills
  </p>
  <p
    className="sc-bdVaJa kRyTSY"
    size="base"
  >
    Here are some of the skills ðŸ¥‹ I've picked up along the way
  </p>
  <div
    className="sc-bwzfXH hknQqq"
  >
    <li
      className="sc-htpNat eAyckY"
      size="base"
    >
      React Native
    </li>
    <li
      className="sc-htpNat eAyckY"
      size="base"
    >
      React
    </li>
    <li
      className="sc-htpNat eAyckY"
      size="base"
    >
      Jest
    </li>
    <li
      className="sc-htpNat eAyckY"
      size="base"
    >
      GraphQL
    </li>
    <li
      className="sc-htpNat eAyckY"
      size="base"
    >
      App Development
    </li>
    <li
      className="sc-htpNat eAyckY"
      size="base"
    >
      CI/CD Pipelines
    </li>
    <li
      className="sc-htpNat eAyckY"
      size="base"
    >
      Jenkins
    </li>
  </div>
</div>
`;
