// Jest Snapshot v1, https://goo.gl/fbAQLP

exports[`Header component render Header as expected 1`] = `
<div
  className="sc-bwzfXH bejfXd"
  style={
    Object {
      "alignItems": "center",
      "display": "flex",
      "justifyContent": "flex-start",
    }
  }
  width="full"
>
  <div
    className="sc-bwzfXH iewMrH"
    style={
      Object {
        "flex": 1,
        "paddingLeft": "16px",
      }
    }
  >
    <h1
      className="sc-bdVaJa gSBKap"
      color="#A8DADC"
      size="huge"
    >
      David
    </h1>
    <h1
      className="sc-bdVaJa ksuAVZ"
      color="#A8DADC"
      size="large"
    >
      Chellapah
    </h1>
  </div>
  <div
    className="sc-bwzfXH iewMrH"
    style={
      Object {
        "flex": 1,
      }
    }
  >
    <div
      className="sc-bwzfXH iewMrH"
    >
      <h1
        className="sc-bdVaJa jdHjnZ"
        color="#EEE5E9"
        size="base"
      >
        <div
          className=""
        />
      </h1>
    </div>
  </div>
</div>
`;
